[5532:16728:0819/141947.814:WARNING:kernel_parameter_setter.cc(150)] [KernelParameterSetter] NotifyDoublePinyinSchemeChanged failed, scheme=Sogou status=1
[5532:16728:0819/141947.815:WARNING:t_skinfilemap.cpp(56)] SGRenderLog:CheckUpdate newMem.OpenMem failed, szNewMem:Local\sgime_skin.v4.filemap.sogouime err:系统错误2: The system cannot find the file specified.  
打开Filemap失败: Local\sgime_skin.v4.filemap.sogouime4385863fd27
[5532:16728:0819/141947.815:WARNING:t_skinfilemap.cpp(65)] SGRenderLog:CheckUpdate finish: old version:1
[5532:16728:0819/141947.815:WARNING:t_skinfilemap.cpp(67)] SGRenderLog:CheckUpdate finish: new version:4
[22192:208:0819/141949.286:WARNING:kernel_parameter_setter.cc(150)] [KernelParameterSetter] NotifyDoublePinyinSchemeChanged failed, scheme=Sogou status=1
[22192:208:0819/141949.287:WARNING:t_skinfilemap.cpp(56)] SGRenderLog:CheckUpdate newMem.OpenMem failed, szNewMem:Local\sgime_skin.v4.filemap.sogouime err:系统错误2: 系统找不到指定的文件。  
打开Filemap失败: Local\sgime_skin.v4.filemap.sogouime4385863fd27
[22192:208:0819/141949.287:WARNING:t_skinfilemap.cpp(65)] SGRenderLog:CheckUpdate finish: old version:1
[22192:208:0819/141949.287:WARNING:t_skinfilemap.cpp(67)] SGRenderLog:CheckUpdate finish: new version:4
[22192:208:0819/141949.337:WARNING:t_skinfilemap.cpp(63)] SGRenderLog:CheckUpdate newMem.OpenMem Suc, szNewMem:Local\sgime_skin.Dpi120.v4.filemap.sogouime
[22192:208:0819/141949.337:WARNING:t_skinfilemap.cpp(65)] SGRenderLog:CheckUpdate finish: old version:4
[22192:208:0819/141949.337:WARNING:t_skinfilemap.cpp(67)] SGRenderLog:CheckUpdate finish: new version:4
[22192:208:0819/141949.440:WARNING:kernel_parameter_setter.cc(150)] [KernelParameterSetter] NotifyDoublePinyinSchemeChanged failed, scheme=Sogou status=1
[22192:208:0819/141951.328:WARNING:kernel_parameter_setter.cc(150)] [KernelParameterSetter] NotifyDoublePinyinSchemeChanged failed, scheme=Sogou status=1
[22192:208:0819/141953.411:WARNING:kernel_parameter_setter.cc(150)] [KernelParameterSetter] NotifyDoublePinyinSchemeChanged failed, scheme=Sogou status=1
[22192:208:0819/141955.548:WARNING:kernel_parameter_setter.cc(150)] [KernelParameterSetter] NotifyDoublePinyinSchemeChanged failed, scheme=Sogou status=1
[22192:208:0819/142000.260:WARNING:kernel_parameter_setter.cc(150)] [KernelParameterSetter] NotifyDoublePinyinSchemeChanged failed, scheme=Sogou status=1
[22192:208:0819/142002.230:WARNING:kernel_parameter_setter.cc(150)] [KernelParameterSetter] NotifyDoublePinyinSchemeChanged failed, scheme=Sogou status=1
[22192:208:0819/142004.384:WARNING:kernel_parameter_setter.cc(150)] [KernelParameterSetter] NotifyDoublePinyinSchemeChanged failed, scheme=Sogou status=1
[22192:208:0819/142004.395:WARNING:kernel_parameter_setter.cc(150)] [KernelParameterSetter] NotifyDoublePinyinSchemeChanged failed, scheme=Sogou status=1
[23804:24492:0819/142127.437:WARNING:kernel_parameter_setter.cc(150)] [KernelParameterSetter] NotifyDoublePinyinSchemeChanged failed, scheme=Sogou status=1
[23804:24492:0819/142127.438:WARNING:t_skinfilemap.cpp(56)] SGRenderLog:CheckUpdate newMem.OpenMem failed, szNewMem:Local\sgime_skin.v4.filemap.sogouime err:系统错误2: The system cannot find the file specified.  
打开Filemap失败: Local\sgime_skin.v4.filemap.sogouime4385863fd27
[23804:24492:0819/142127.438:WARNING:t_skinfilemap.cpp(65)] SGRenderLog:CheckUpdate finish: old version:1
[23804:24492:0819/142127.438:WARNING:t_skinfilemap.cpp(67)] SGRenderLog:CheckUpdate finish: new version:4
[24240:15584:0819/142128.232:WARNING:kernel_parameter_setter.cc(150)] [KernelParameterSetter] NotifyDoublePinyinSchemeChanged failed, scheme=Sogou status=1
[24240:15584:0819/142128.232:WARNING:t_skinfilemap.cpp(56)] SGRenderLog:CheckUpdate newMem.OpenMem failed, szNewMem:Local\sgime_skin.v4.filemap.sogouime err:系统错误2: 系统找不到指定的文件。  
打开Filemap失败: Local\sgime_skin.v4.filemap.sogouime4385863fd27
[24240:15584:0819/142128.232:WARNING:t_skinfilemap.cpp(65)] SGRenderLog:CheckUpdate finish: old version:1
[24240:15584:0819/142128.232:WARNING:t_skinfilemap.cpp(67)] SGRenderLog:CheckUpdate finish: new version:4
[24240:15584:0819/142128.271:WARNING:t_skinfilemap.cpp(63)] SGRenderLog:CheckUpdate newMem.OpenMem Suc, szNewMem:Local\sgime_skin.Dpi120.v4.filemap.sogouime
[24240:15584:0819/142128.271:WARNING:t_skinfilemap.cpp(65)] SGRenderLog:CheckUpdate finish: old version:4
[24240:15584:0819/142128.271:WARNING:t_skinfilemap.cpp(67)] SGRenderLog:CheckUpdate finish: new version:4
[24240:15584:0819/142128.587:WARNING:kernel_parameter_setter.cc(150)] [KernelParameterSetter] NotifyDoublePinyinSchemeChanged failed, scheme=Sogou status=1
[24240:15584:0819/142133.404:WARNING:kernel_parameter_setter.cc(150)] [KernelParameterSetter] NotifyDoublePinyinSchemeChanged failed, scheme=Sogou status=1
